Canonical	greenhouse	greenhouse/us/canonical	greenhouse/canonical/
Cloudbeds	greenhouse	greenhouse/us/cloudbeds	greenhouse/cloudbeds/
ConsenSys	greenhouse	greenhouse/us/consensys	greenhouse/consensys/
DataDog	greenhouse	greenhouse/us/datadog	greenhouse/datadog/
Eyeo	greenhouse	greenhouse/us/eyeo	greenhouse/eyeo/
GitLab	greenhouse	greenhouse/us/gitlab	greenhouse/gitlab/
Gradle	greenhouse	greenhouse/us/gradle	greenhouse/gradle/
Grafana Labs	greenhouse	greenhouse/us/grafanalabs	greenhouse/grafanalabs/
Jackson River	greenhouse	greenhouse/us/togetherwork	greenhouse/togetherwork/
Kentik	greenhouse	greenhouse/us/kentik	greenhouse/kentik/
Mozilla	greenhouse	greenhouse/us/mozilla	greenhouse/mozilla/
Netlify	greenhouse	greenhouse/us/netlify	greenhouse/netlify/
Platform.sh	greenhouse	greenhouse/us/platformsh	greenhouse/platformsh/
Remote	greenhouse	greenhouse/us/remotecom	greenhouse/remotecom/
SaasGroup	greenhouse	greenhouse/eu/saasgroup	greenhouse/saasgroup/
Sourcegraph	greenhouse	greenhouse/us/sourcegraph91	greenhouse/sourcegraph91/
Square	greenhouse	greenhouse/us/block	greenhouse/block/
Turing	greenhouse	greenhouse/us/turing	greenhouse/turing/
Upwork	greenhouse	greenhouse/us/upwork	greenhouse/upwork/
Vercel	greenhouse	greenhouse/us/vercel	greenhouse/vercel/
Wikimedia	greenhouse	greenhouse/us/wikimedia	greenhouse/wikimedia/
Xapo	greenhouse	greenhouse/us/xapo61	greenhouse/xapo61/
Able	greenhouse	greenhouse/us/able	greenhouse/able/
Affinidi	greenhouse	greenhouse/us/affinidi	greenhouse/affinidi/
Airbnb	greenhouse	greenhouse/us/airbnb	greenhouse/airbnb/
AlphaGrep	greenhouse	greenhouse/us/alphagrepsecurities	greenhouse/alphagrepsecurities/
AQR	greenhouse	greenhouse/us/aqr	greenhouse/aqr/
Bitdefender	greenhouse	greenhouse/us/scbitdefendersrl	greenhouse/scbitdefendersrl/
Bitly	greenhouse	greenhouse/us/bitly	greenhouse/bitly/
Box	greenhouse	greenhouse/us/boxinc	greenhouse/boxinc/
Celigo	greenhouse	greenhouse/us/celigo	greenhouse/celigo/
Cloudflare	greenhouse	greenhouse/us/cloudflare	greenhouse/cloudflare/
Coinbase	greenhouse	greenhouse/us/coinbase	greenhouse/coinbase/
Commvault	greenhouse	greenhouse/us/commvault	greenhouse/commvault/
Dashlane	greenhouse	greenhouse/us/dashlane	greenhouse/dashlane/
Databricks	greenhouse	greenhouse/us/databricks	greenhouse/databricks/
Dialpad	greenhouse	greenhouse/us/dialpad	greenhouse/dialpad/
DigitalOcean	greenhouse	greenhouse/us/digitalocean98	greenhouse/digitalocean98/
Discord	greenhouse	greenhouse/us/discord	greenhouse/discord/
DoorDash	greenhouse	greenhouse/us/doordashusa	greenhouse/doordashusa/
Doximity	greenhouse	greenhouse/us/doximity	greenhouse/doximity/
Dropbox	greenhouse	greenhouse/us/dropbox	greenhouse/dropbox/
Druva	greenhouse	greenhouse/us/druva	greenhouse/druva/
Epic Games	greenhouse	greenhouse/us/epicgames	greenhouse/epicgames/
Flexport	greenhouse	greenhouse/us/flexport	greenhouse/flexport/
Glance / InMobi	greenhouse	greenhouse/us/glance	greenhouse/glance/
GoDaddy	greenhouse	greenhouse/us/godaddy	greenhouse/godaddy/
GoPro	greenhouse	greenhouse/us/goprocareers	greenhouse/goprocareers/
Groupon	greenhouse	greenhouse/us/groupon	greenhouse/groupon/
Groww	greenhouse	greenhouse/us/groww	greenhouse/groww/
HackerRank	greenhouse	greenhouse/us/hackerrank	greenhouse/hackerrank/
HubSpot	greenhouse	greenhouse/us/hubspotjobs	greenhouse/hubspotjobs/
LogicMonitor	greenhouse	greenhouse/us/logicmonitor	greenhouse/logicmonitor/
Netcracker	greenhouse	greenhouse/us/netcracker	greenhouse/netcracker/
Observe.ai	greenhouse	greenhouse/us/observeai	greenhouse/observeai/
PhonePe	greenhouse	greenhouse/us/phonepe	greenhouse/phonepe/
Postman	greenhouse	greenhouse/us/postman	greenhouse/postman/
PubMatic	greenhouse	greenhouse/us/pubmatic	greenhouse/pubmatic/
Razorpay	greenhouse	greenhouse/us/razorpaysoftwareprivatelimited	greenhouse/razorpaysoftwareprivatelimited/
Rockstar Games	greenhouse	greenhouse/us/rockstargames	greenhouse/rockstargames/
Roku	greenhouse	greenhouse/us/roku	greenhouse/roku/
Rubrik	greenhouse	greenhouse/us/rubrik	greenhouse/rubrik/
Sigmoid	greenhouse	greenhouse/us/sigmoid	greenhouse/sigmoid/
Stripe	greenhouse	greenhouse/us/stripe	greenhouse/stripe/
Sureify	greenhouse	greenhouse/us/sureify	greenhouse/sureify/
ThoughtWorks	greenhouse	greenhouse/us/thoughtworks	greenhouse/thoughtworks/
Tower Research Capital	greenhouse	greenhouse/us/towerresearchcapital	greenhouse/towerresearchcapital/
Twilio	greenhouse	greenhouse/us/twilio	greenhouse/twilio/
WorldQuant	greenhouse	greenhouse/us/worldquant	greenhouse/worldquant/
xAI	greenhouse	greenhouse/us/xai	greenhouse/xai/
Yugabyte	greenhouse	greenhouse/us/yugabyte	greenhouse/yugabyte/
Arcesium	greenhouse	greenhouse/us/arcesiumllc	greenhouse/arcesiumllc/
Harness	greenhouse	greenhouse/us/harnessinc	greenhouse/harnessinc/
Tekion	greenhouse	greenhouse/us/tekion	greenhouse/tekion/
Zynga	greenhouse	greenhouse/us/zyngacareers	greenhouse/zyngacareers/
Envato	lever	lever/us/envato-2	lever/envato-2/
JumpCloud	lever	lever/us/jumpcloud	lever/jumpcloud/
Redox	lever	lever/us/redoxengine	lever/redoxengine/
Sonatype	lever	lever/us/sonatype	lever/sonatype/
Superside	lever	lever/us/superside	lever/superside/
Toptal	lever	lever/us/toptal	lever/toptal/
Appen	lever	lever/us/appen-2	lever/appen-2/
Bazaarvoice	lever	lever/us/bazaarvoice	lever/bazaarvoice/
Bounteous (Accolite)	lever	lever/us/bounteous	lever/bounteous/
CRED	lever	lever/us/cred	lever/cred/
FamApp (formerly FamPay)	lever	lever/us/fampay	lever/fampay/
Level AI	lever	lever/us/levelai	lever/levelai/
Meesho	lever	lever/us/meesho	lever/meesho/
Mindtickle	lever	lever/us/mindtickle	lever/mindtickle/
Paytm	lever	lever/us/paytm	lever/paytm/
Turvo	lever	lever/us/turvo	lever/turvo/
Zeta	lever	lever/us/zeta	lever/zeta/
Buffer	ashby	ashby/buffer	ashby/buffer/
Help Scout	ashby	ashby/helpscout	ashby/helpscout/
Hubstaff	ashby	ashby/hubstaff	ashby/hubstaff/
Kraken	ashby	ashby/kraken.com	ashby/kraken.com/
Percona	ashby	ashby/percona	ashby/percona/
Zapier	ashby	ashby/zapier	ashby/zapier/
Atlan	ashby	ashby/atlan	ashby/atlan/
Better	ashby	ashby/better-mortgage	ashby/better-mortgage/
Bidgely	ashby	ashby/bidgely-inc	ashby/bidgely-inc/
Checkout.com	ashby	ashby/checkout.com	ashby/checkout.com/
Contra	ashby	ashby/contra	ashby/contra/
LG Ads (Alphonso)	ashby	ashby/lgads	ashby/lgads/
OpenAI	ashby	ashby/openai	ashby/openai/
Polygon Technology	ashby	ashby/polygon-labs	ashby/polygon-labs/
Protegrity	ashby	ashby/protegrity	ashby/protegrity/
Quora	ashby	ashby/quora	ashby/quora/
Ramp	ashby	ashby/ramp	ashby/ramp/
Reprise	ashby	ashby/reprise	ashby/reprise/
SearchApi	ashby	ashby/SearchApi	ashby/SearchApi/
Timely (Memory.ai)	ashby	ashby/timely	ashby/timely/
AwesomeMotive	workable	workable/awesomemotive	workable/awesomemotive/
Olark	workable	workable/olark	workable/olark/
Shogun	workable	workable/getshogun	workable/getshogun/
Zyte	workable	workable/zyte	workable/zyte/
Hugging Face	workable	workable/huggingface	workable/huggingface/
madewithlove	recruitee	recruitee/madewithlove	recruitee/madewithlove/
MailerLite	recruitee	recruitee/mailerlite	recruitee/mailerlite/
Time Doctor	recruitee	recruitee/timedoctor	recruitee/timedoctor/
Rippling	rippling	rippling/rippling	rippling/rippling/
Bosch	smartrecruiters	smartrecruiters/BoschGroup	smartrecruiters/BoschGroup/
ClearGlass	smartrecruiters	smartrecruiters/ClearGlassAnalyticsLimited	smartrecruiters/ClearGlassAnalyticsLimited/
Eurofins	smartrecruiters	smartrecruiters/Eurofins	smartrecruiters/Eurofins/
FreeCharge	smartrecruiters	smartrecruiters/FreeCharge	smartrecruiters/FreeCharge/
Freshworks	smartrecruiters	smartrecruiters/Freshworks	smartrecruiters/Freshworks/
Grab	smartrecruiters	smartrecruiters/Grab	smartrecruiters/Grab/
ServiceNow	smartrecruiters	smartrecruiters/ServiceNow	smartrecruiters/ServiceNow/
Shipsy	smartrecruiters	smartrecruiters/Shipsy	smartrecruiters/Shipsy/
Swiggy	smartrecruiters	smartrecruiters/Swiggy	smartrecruiters/Swiggy/
Visa (SmartRecruiters)	smartrecruiters	smartrecruiters/Visa	smartrecruiters/Visa/
Western Digital	smartrecruiters	smartrecruiters/WesternDigital	smartrecruiters/WesternDigital/
Renesas Electronics (Steradian)	smartrecruiters	smartrecruiters/RenesasElectronics	smartrecruiters/RenesasElectronics/
Bandcamp	bamboohr	bamboohr/songtradr	bamboohr/songtradr/
Dribbble	bamboohr	bamboohr/dribbble	bamboohr/dribbble/
Lullabot	bamboohr	bamboohr/lullabot	bamboohr/lullabot/
Wayfair	wayfair	wayfair	wayfair/
Moody's	talentbrew	talentbrew/careers.moodys.com	talentbrew/careers.moodys.com/
DataRobot	workday	workday/datarobot/DataRobot_External_Careers	workday/datarobot/DataRobot_External_Careers/
RedHat	workday	workday/redhat/jobs	workday/redhat/jobs/
Accenture	workday	workday/accenture/AccentureCareers	workday/accenture/AccentureCareers/
Adobe	workday	workday/adobe/external_experienced	workday/adobe/external_experienced/
Airbus	workday	workday/ag/Airbus	workday/ag/Airbus/
Amadeus	workday	workday/amadeus/jobs	workday/amadeus/jobs/
Analog Devices	workday	workday/analogdevices/External	workday/analogdevices/External/
Applied Materials	workday	workday/amat/External	workday/amat/External/
Adtran	workday	workday/adtran/ADTRAN	workday/adtran/ADTRAN/
Arctic Wolf	workday	workday/arcticwolf/External	workday/arcticwolf/External/
Priceline	workday	workday/priceline/Priceline	workday/priceline/Priceline/
Aptiv	workday	workday/aptiv/APTIV_CAREERS	workday/aptiv/APTIV_CAREERS/
Athena Health	workday	workday/athenahealth/External	workday/athenahealth/External/
Barclays	workday	workday/barclays/External_Career_Site_Barclays	workday/barclays/External_Career_Site_Barclays/
BlackBerry	workday	workday/bb/BlackBerry	workday/bb/BlackBerry/
Blue Origin	workday	workday/blueorigin/BlueOrigin	workday/blueorigin/BlueOrigin/
Boeing	workday	workday/boeing/EXTERNAL_CAREERS	workday/boeing/EXTERNAL_CAREERS/
Broadcom	workday	workday/broadcom/External_Career	workday/broadcom/External_Career/
BrowserStack	workday	workday/browserstack/External	workday/browserstack/External/
Cadence	workday	workday/cadence/External_Careers	workday/cadence/External_Careers/
Capital One	workday	workday/capitalone/Capital_One	workday/capitalone/Capital_One/
Citi	workday	workday/citi/2	workday/citi/2/
Cloudera	workday	workday/cloudera/External_Career	workday/cloudera/External_Career/
CrowdStrike	workday	workday/crowdstrike/crowdstrikecareers	workday/crowdstrike/crowdstrikecareers/
DBS	workday	workday/dbs/DBS_Careers	workday/dbs/DBS_Careers/
DuPont	workday	workday/dupont/Jobs	workday/dupont/Jobs/
Equinix	workday	workday/equinix/external	workday/equinix/external/
Expedia	workday	workday/expedia/search	workday/expedia/search/
F5	workday	workday/ffive/f5jobs	workday/ffive/f5jobs/
FactSet	workday	workday/factset/FactSetCareers	workday/factset/FactSetCareers/
FICO	workday	workday/fico/External	workday/fico/External/
Fidelity Investments	workday	workday/fmr/FidelityCareers	workday/fmr/FidelityCareers/
Fiserv	workday	workday/fiserv/EXT	workday/fiserv/EXT/
Fractal	workday	workday/fractal/Careers	workday/fractal/Careers/
GE HealthCare	workday	workday/gehc/GEHC_ExternalSite	workday/gehc/GEHC_ExternalSite/
GE Vernova	workday	workday/gevernova/Vernova_ExternalSite	workday/gevernova/Vernova_ExternalSite/
Genpact	workday	workday/genpact/External_Careers	workday/genpact/External_Careers/
HP	workday	workday/hp/ExternalCareerSite	workday/hp/ExternalCareerSite/
HPE (Juniper)	workday	workday/hpe/Jobsathpe	workday/hpe/Jobsathpe/
Intel	workday	workday/intel/External	workday/intel/External/
JioStar (formerly Hotstar)	workday	workday/jiostar/JioStar	workday/jiostar/JioStar/
Kantar	workday	workday/kantar/KANTAR	workday/kantar/KANTAR/
KLA	workday	workday/kla/Search	workday/kla/Search/
Mastercard	workday	workday/mastercard/CorporateCareers	workday/mastercard/CorporateCareers/
Micron	workday	workday/micron/External	workday/micron/External/
Nasdaq	workday	workday/nasdaq/Global_External_Site	workday/nasdaq/Global_External_Site/
NCR Voyix	workday	workday/ncr/ext_apac	workday/ncr/ext_apac/
Nike (nke)	workday	workday/nike/nke	workday/nike/nke/
Nike (nke2)	workday	workday/nike/nke2	workday/nike/nke2/
Palo Alto Networks	workday	workday/paloaltonetworks/panwexternalcareers	workday/paloaltonetworks/panwexternalcareers/
Quantiphi	workday	workday/quantiphi/Careers_at_Quantiphi	workday/quantiphi/Careers_at_Quantiphi/
Sabre	workday	workday/sabre/SabreJobs	workday/sabre/SabreJobs/
Sony	workday	workday/sonyglobal/SonyGlobalCareers	workday/sonyglobal/SonyGlobalCareers/
Sprinklr	workday	workday/sprinklr/careers	workday/sprinklr/careers/
Target	workday	workday/target/targetcareers	workday/target/targetcareers/
Unisys	workday	workday/unisys/External	workday/unisys/External/
Visa (Workday)	workday	workday/visa/Visa	workday/visa/Visa/
Warner Bros. Discovery	workday	workday/warnerbros/global	workday/warnerbros/global/
PayPal	workday	workday/paypal/jobs	workday/paypal/jobs/
Wells Fargo	workday	workday/wf/WellsFargoJobs	workday/wf/WellsFargoJobs/
Silicon Labs	workday	workday/silabs/SiliconlabsCareers	workday/silabs/SiliconlabsCareers/
Samsung Electronics (includes SSIR)	workday	workday/sec/Samsung_Careers	workday/sec/Samsung_Careers/
AirAsia	workday	workday/airasia/Careers	workday/airasia/Careers/
Signify	workday	workday/lighting/jobs-and-careers	workday/lighting/jobs-and-careers/
Junglee Games	workday	workday/flutterbe/Junglee_Games	workday/flutterbe/Junglee_Games/
Baker Hughes	workday	workday/bakerhughes/BakerHughes	workday/bakerhughes/BakerHughes/
Salesforce	workday	workday/salesforce/External_Career_Site	workday/salesforce/External_Career_Site/
Cisco	workday	workday/cisco/Cisco_Careers	workday/cisco/Cisco_Careers/
BlackRock	workday	workday/blackrock/BlackRock_Professional	workday/blackrock/BlackRock_Professional/
Microsoft India	eightfold	eightfold/microsoft.com/India	eightfold/microsoft.com/
Morgan Stanley India	eightfold	eightfold/morganstanley.com/India	eightfold/morganstanley.com/
Uber	oraclece	oraclece/iaziqy/CX_1	oraclece/iaziqy/CX_1/
BNY	oraclece	oraclece/eofe/BNY-Careers	oraclece/eofe/BNY-Careers/
Texas Instruments	oraclece	oraclece/edbz/CX	oraclece/edbz/CX/
JPMorgan Chase India	oraclece	oraclece/jpmc/CX_1001/India	oraclece/jpmc/CX_1001/
Oracle GBU	oraclece	oraclece/eeho/CX_45001	oraclece/eeho/CX_45001/
American Express	oraclece	oraclece/egug/CX_1	oraclece/egug/CX_1/
Aster DM Healthcare	oraclece	oraclece/hcdt/CX	oraclece/hcdt/CX/
SAP Labs	successfactors	successfactors/jobs.sap.com	successfactors/jobs.sap.com/
Providence India	successfactors	successfactors/careers.providence.in	successfactors/careers.providence.in/
Chargebee	successfactors	successfactors/jobs.chargebee.com	successfactors/jobs.chargebee.com/
Kaleyra	freshteam	freshteam/kaleyra-talent	freshteam/kaleyra-talent/
MaxLinear (US board)	icims	icims/careersus-maxlinear.icims.com	icims/careersus-maxlinear.icims.com/
MaxLinear (international board)	icims	icims/careersintl-maxlinear.icims.com	icims/careersintl-maxlinear.icims.com/
Cashfree	kula	kula/cashfree	kula/cashfree/
Slice	kula	kula/slice	kula/slice/
SquadStack	keka	keka/squadrun.keka.com/default/c750f148-70b8-4a21-868e-f891a1b2d818	keka/squadrun.keka.com/default/
ConveGenius	keka	keka/convegenius.keka.com/default/0c764aaa-3be8-4767-b051-a188dd5c0cb6	keka/convegenius.keka.com/default/
ShareChat	mynexthire	mynexthire/sharechat.mynexthire.com	mynexthire/sharechat.mynexthire.com/
Amagi Media Labs	mynexthire	mynexthire/amagi.mynexthire.com	mynexthire/amagi.mynexthire.com/
SWYM	polymer	polymer/swym	polymer/swym/
Electronic Arts	avature	avature/jobs.ea.com/en_US/careers/SearchJobs	avature/jobs.ea.com/en_US/careers/
Amazon India	amazon	amazon/IND	amazon/IND/
Atlassian	atlassian	atlassian	atlassian/
D. E. Shaw	deshaw	deshaw	deshaw/
Media.net	medianet	medianet	medianet/
JUSPAY	juspay	juspay	juspay/
Goldman Sachs	highergs	highergs	highergs/
Google India	google	google/IN	google/
Komprise	komprise	komprise	komprise/
Nutanix	nutanix	nutanix	nutanix/
OfBusiness	ofbusiness	ofbusiness	ofbusiness/
SLB	slb	slb	slb/
Enphase Energy	enphase	enphase	enphase/
Publicis Sapient	publicissapient	publicissapient	publicissapient/
Richpanel	richpanel	richpanel	richpanel/
Fastenal	fastenal	fastenal	fastenal/
Siemens EDA	siemensjobs	siemensjobs	siemensjobs/
Nykaa	nykaa	nykaa	nykaa/
Airoha Technology	airoha	airoha	airoha/
PayU	payu	payu	payu/
42Gears	forty2gears	forty2gears	forty2gears/
Walmart Global Tech India	walmart	walmart/IN	walmart/
AppLogic Networks (formerly Sandvine)	ukg	ukg/PRO1053PROC/d6eed263-4950-420d-b9f8-5b1a441c931e	ukg/PRO1053PROC/d6eed263-4950-420d-b9f8-5b1a441c931e/
IBM India	ibm	ibm/in	ibm/in/
MakeMyTrip	makemytrip	makemytrip	makemytrip/
Reliance Jio	jio	jio/0206+0210+0216+0222	jio/
Cradlepoint (Ericsson Enterprise Wireless)	eightfold	eightfold/ericsson.com//query=Cradlepoint	eightfold/ericsson.com/
Jubilant Group India (supplied Jubilant URL)	jubilant	jubilant/IND	jubilant/IND/
Addverb Technologies	hrone	hrone/addverb/P3WIS3az9HUC6WAJ9eS1Rg	hrone/addverb/P3WIS3az9HUC6WAJ9eS1Rg/
Cult.fit	zwayam	zwayam/15470	zwayam/15470/
LetsTransport	auzmor	auzmor/letstransport	auzmor/letstransport/
